// Jest Snapshot v1, https://goo.gl/fbAQLP

exports[`<Category /> match snapshot default 1`] = `
<div
  className="Container-fiywul-0 fpjmCq"
>
  <div
    className="TitleContainer-fiywul-1 mcDnB"
  >
    <div
      className="Title-fiywul-2 bqCknc"
      onClick={[Function]}
      onMouseEnter={[Function]}
    >
      
    </div>
    <div
      className="ShowHideIcon-fiywul-3 dtOJXq"
      onClick={[Function]}
    />
  </div>
</div>
`;

exports[`<Category /> match snapshot with articles 1`] = `
<div
  className="Container-fiywul-0 fpjmCq"
>
  <div
    className="TitleContainer-fiywul-1 mcDnB"
  >
    <div
      className="Title-fiywul-2 bqCknc"
      onClick={[Function]}
      onMouseEnter={[Function]}
    >
      
    </div>
    <div
      className="ShowHideIcon-fiywul-3 dtOJXq"
      onClick={[Function]}
    />
  </div>
</div>
`;
