// Jest Snapshot v1, https://goo.gl/fbAQLP

exports[`<ArticleCard /> match snapshot 1`] = `
<div
  className="Container-sc-4ap2jm-0 IrvaU"
>
  <div
    className="Title-sc-4ap2jm-1 cDCmAt"
  />
  <div
    className="Image-sc-4ap2jm-2 iYkYWo"
  />
  <div
    className="Description-sc-4ap2jm-3 brandn"
  />
  <div
    className="More-sc-4ap2jm-4 byrmZV"
    onClick={[Function]}
    onMouseEnter={[Function]}
  >
    <div
      className="MoreText-sc-4ap2jm-5 OlxGv"
    >
      MORE
    </div>
    <div
      className="MoreIcon-sc-4ap2jm-6 hAUNxU"
    />
  </div>
</div>
`;
