// Jest Snapshot v1, https://goo.gl/fbAQLP

exports[`<CountryItems /> match snapshot 1`] = `
<div
  className="Wrapper-sc-176nf4l-0 hSHBvl"
>
  <div
    className="Item-fwh4iu-0 bNiPnD"
    onClick={[Function]}
  >
    <span
      className="Text-fwh4iu-1 KCUNf"
    >
      GB
    </span>
  </div>
  <div
    className="Item-fwh4iu-0 bNiPnD"
    onClick={[Function]}
  >
    <span
      className="Text-fwh4iu-1 KCUNf"
    >
      US
    </span>
  </div>
</div>
`;
